{
  _type: 'deployment',
  tags: null,
  links: null,
  _stage: 'layouted',
  sourcePath: 'src/views.c4',
  description: null,
  title: 'Dev env deployment',
  id: 'deploymentViewProd',
  autoLayout: {
    direction: 'TB',
  },
  notation: {
    nodes: [
      {
        title: 'Виртуальная машина',
        shape: 'rectangle',
        color: 'green',
        kinds: [
          'vm',
        ],
      },
      {
        title: 'Кластер development, stage, ...',
        shape: 'rectangle',
        color: 'sky',
        kinds: [
          'environment',
        ],
      },
      {
        title: 'Кубернетес',
        shape: 'rectangle',
        color: 'blue',
        kinds: [
          'kubernetes',
        ],
      },
      {
        title: 'Сетевой сегмент',
        shape: 'rectangle',
        color: 'amber',
        kinds: [
          'zone',
        ],
      },
    ],
  },
  hash: 'qamb_8gIRG46iAvtk802x4S0-ht3sf-FrHhkn4AGZgU',
  bounds: {
    x: 941,
    y: 7,
    width: 3938,
    height: 2025,
  },
  nodes: [
    {
      id: 'prod_zone',
      parent: null,
      level: 0,
      children: [
        'prod_zone.prod',
        'prod_zone.observability',
        'prod_zone.config_service',
        'prod_zone.vault',
        'prod_zone.keycloak',
        'prod_zone.ldap',
      ],
      inEdges: [],
      outEdges: [],
      deploymentRef: 'prod_zone',
      title: 'Production Zone',
      kind: 'zone',
      notation: 'Сетевой сегмент',
      color: 'amber',
      shape: 'rectangle',
      tags: [],
      style: {
        opacity: 15,
        size: 'md',
      },
      depth: 3,
      x: 961,
      y: 27,
      width: 3898,
      height: 1985,
      labelBBox: {
        x: 6,
        y: 0,
        width: 112,
        height: 15,
      },
      navigateTo: null,
      links: null,
    },
    {
      id: 'prod_zone.prod',
      parent: 'prod_zone',
      level: 1,
      children: [
        'prod_zone.prod.data',
        'prod_zone.prod.app',
      ],
      inEdges: [],
      outEdges: [
        '14jmqvq',
        '13zz1m8',
        '1dg28cq',
      ],
      deploymentRef: 'prod_zone.prod',
      title: 'Production Environment',
      kind: 'environment',
      notation: 'Кластер development, stage, ...',
      color: 'sky',
      shape: 'rectangle',
      tags: [],
      style: {
        opacity: 15,
        size: 'md',
      },
      depth: 2,
      x: 1003,
      y: 102,
      width: 2843,
      height: 1827,
      labelBBox: {
        x: 6,
        y: 0,
        width: 162,
        height: 15,
      },
      navigateTo: null,
      links: null,
    },
    {
      id: 'prod_zone.observability',
      parent: 'prod_zone',
      level: 1,
      children: [
        'prod_zone.observability.vm',
        'prod_zone.observability.logs',
        'prod_zone.observability.traces',
      ],
      inEdges: [],
      outEdges: [],
      deploymentRef: 'prod_zone.observability',
      title: 'Observability Environment',
      kind: 'environment',
      notation: 'Кластер development, stage, ...',
      color: 'sky',
      shape: 'rectangle',
      tags: [],
      style: {
        opacity: 15,
        size: 'md',
      },
      depth: 1,
      x: 4381,
      y: 87,
      width: 412,
      height: 787,
      labelBBox: {
        x: 6,
        y: 0,
        width: 178,
        height: 15,
      },
      navigateTo: null,
      links: null,
    },
    {
      id: 'prod_zone.config_service',
      parent: 'prod_zone',
      level: 1,
      children: [
        'prod_zone.config_service.config_service',
      ],
      inEdges: [],
      outEdges: [],
      deploymentRef: 'prod_zone.config_service',
      title: 'VM',
      kind: 'vm',
      notation: 'Виртуальная машина',
      color: 'green',
      shape: 'rectangle',
      modelRef: 'infra.config_service',
      tags: [],
      style: {
        opacity: 15,
        size: 'md',
      },
      depth: 1,
      x: 4395,
      y: 1360,
      width: 404,
      height: 282,
      labelBBox: {
        x: 6,
        y: 0,
        width: 21,
        height: 15,
      },
      navigateTo: null,
      links: null,
    },
    {
      id: 'prod_zone.vault',
      parent: 'prod_zone',
      level: 1,
      children: [
        'prod_zone.vault.vault',
      ],
      inEdges: [],
      outEdges: [],
      deploymentRef: 'prod_zone.vault',
      title: 'VM',
      kind: 'vm',
      notation: 'Виртуальная машина',
      color: 'green',
      shape: 'rectangle',
      modelRef: 'infra.vault',
      tags: [],
      style: {
        opacity: 15,
        size: 'md',
      },
      depth: 1,
      x: 4413,
      y: 1686,
      width: 404,
      height: 282,
      labelBBox: {
        x: 6,
        y: 0,
        width: 21,
        height: 15,
      },
      navigateTo: null,
      links: null,
    },
    {
      id: 'prod_zone.observability.vm',
      parent: 'prod_zone.observability',
      level: 2,
      children: [],
      inEdges: [],
      outEdges: [],
      kind: 'instance',
      title: 'VictoriaMetrics',
      tags: [],
      color: 'color_ext',
      shape: 'rectangle',
      style: {
        opacity: 15,
        size: 'md',
      },
      deploymentRef: 'prod_zone.observability.vm',
      modelRef: 'infra.victoria_metrics',
      x: 4423,
      y: 147,
      width: 320,
      height: 180,
      labelBBox: {
        x: 92,
        y: 74,
        width: 135,
        height: 24,
      },
      navigateTo: null,
      links: null,
    },
    {
      id: 'prod_zone.observability.logs',
      parent: 'prod_zone.observability',
      level: 2,
      children: [],
      inEdges: [],
      outEdges: [],
      kind: 'instance',
      title: 'Log Storage',
      tags: [],
      color: 'color_ext',
      shape: 'rectangle',
      style: {
        opacity: 15,
        size: 'md',
      },
      deploymentRef: 'prod_zone.observability.logs',
      modelRef: 'infra.log_storage',
      x: 4431,
      y: 394,
      width: 320,
      height: 180,
      labelBBox: {
        x: 104,
        y: 74,
        width: 113,
        height: 24,
      },
      navigateTo: null,
      links: null,
    },
    {
      id: 'prod_zone.observability.traces',
      parent: 'prod_zone.observability',
      level: 2,
      children: [],
      inEdges: [],
      outEdges: [],
      kind: 'instance',
      title: 'Trace Storage',
      tags: [],
      color: 'color_ext',
      shape: 'rectangle',
      style: {
        opacity: 15,
        size: 'md',
      },
      deploymentRef: 'prod_zone.observability.traces',
      modelRef: 'infra.trace_storage',
      x: 4430,
      y: 652,
      width: 320,
      height: 180,
      labelBBox: {
        x: 95,
        y: 74,
        width: 131,
        height: 24,
      },
      navigateTo: null,
      links: null,
    },
    {
      id: 'prod_zone.prod.data',
      parent: 'prod_zone.prod',
      level: 2,
      children: [
        'prod_zone.prod.data.kafka_cluster',
        'prod_zone.prod.data.postgres_cluster',
        'prod_zone.prod.data.opensearch_cluster',
        'prod_zone.prod.data.s3_cluster',
        'prod_zone.prod.data.keydb_cluster',
      ],
      inEdges: [
        '8kg76h',
        'ecegr8',
        'lemvqh',
        '3ptq04',
        '1bvmcd4',
        'm7r5re',
        '1qiuhpj',
        'qqyimo',
        'prcmwk',
      ],
      outEdges: [
        '1lbdyem',
      ],
      deploymentRef: 'prod_zone.prod.data',
      title: 'Data Environment',
      kind: 'environment',
      notation: 'Кластер development, stage, ...',
      color: 'sky',
      shape: 'rectangle',
      tags: [],
      style: {
        opacity: 15,
        size: 'md',
      },
      depth: 1,
      x: 1045,
      y: 882,
      width: 825,
      height: 1005,
      labelBBox: {
        x: 6,
        y: 0,
        width: 119,
        height: 15,
      },
      navigateTo: null,
      links: null,
    },
    {
      id: 'prod_zone.prod.data.kafka_cluster',
      parent: 'prod_zone.prod.data',
      level: 3,
      children: [],
      inEdges: [
        'ecegr8',
        '3ptq04',
        '1qiuhpj',
        'prcmwk',
      ],
      outEdges: [
        '1lbdyem',
      ],
      kind: 'instance',
      title: 'Kafka Cluster (3 brokers)',
      technology: '[Kafka]',
      tags: [],
      color: 'color_storage',
      shape: 'queue',
      style: {
        opacity: 20,
        size: 'md',
      },
      deploymentRef: 'prod_zone.prod.data.kafka_cluster',
      modelRef: 'TB.kafka',
      x: 1088,
      y: 950,
      width: 320,
      height: 172,
      labelBBox: {
        x: 47,
        y: 60,
        width: 226,
        height: 46,
      },
      navigateTo: null,
      links: null,
    },
    {
      id: 'prod_zone.prod.app',
      parent: 'prod_zone.prod',
      level: 2,
      children: [
        'prod_zone.prod.app.ws_deploy',
        'prod_zone.prod.app.api_deploy',
        'prod_zone.prod.app.chat_deploy',
        'prod_zone.prod.app.search_deploy',
        'prod_zone.prod.app.file_deploy',
        'prod_zone.prod.app.notification_deploy',
        'prod_zone.prod.app.integration_deploy',
      ],
      inEdges: [
        '1lbdyem',
      ],
      outEdges: [
        '8kg76h',
        'ecegr8',
        'lemvqh',
        '3ptq04',
        '1bvmcd4',
        'm7r5re',
        '1qiuhpj',
        'qqyimo',
        'prcmwk',
        '14jmqvq',
        '13zz1m8',
        '1dg28cq',
      ],
      deploymentRef: 'prod_zone.prod.app',
      title: 'K8s Cluster - TeamBridge',
      kind: 'kubernetes',
      notation: 'Кубернетес',
      color: 'blue',
      shape: 'rectangle',
      icon: 'tech:kubernetes',
      tags: [],
      style: {
        opacity: 15,
        size: 'md',
      },
      depth: 1,
      x: 1936,
      y: 162,
      width: 1868,
      height: 1355,
      labelBBox: {
        x: 6,
        y: 0,
        width: 164,
        height: 15,
      },
      navigateTo: null,
      links: null,
    },
    {
      id: 'prod_zone.prod.app.ws_deploy',
      parent: 'prod_zone.prod.app',
      level: 3,
      children: [],
      inEdges: [
        '1lbdyem',
      ],
      outEdges: [
        '8kg76h',
        '1dg28cq',
      ],
      kind: 'instance',
      title: 'WebSocket Gateway Deployment (4-8 pods)',
      description: {
        txt: 'WSS соединения, realtime доставка, presence routing',
      },
      tags: [],
      color: 'color_container',
      shape: 'rectangle',
      style: {
        opacity: 15,
        size: 'md',
      },
      deploymentRef: 'prod_zone.prod.app.ws_deploy',
      modelRef: 'TB.ws_gateway',
      x: 2024,
      y: 1295,
      width: 435,
      height: 180,
      labelBBox: {
        x: 18,
        y: 54,
        width: 400,
        height: 66,
      },
      navigateTo: null,
      links: null,
    },
    {
      id: 'prod_zone.prod.app.api_deploy',
      parent: 'prod_zone.prod.app',
      level: 3,
      children: [],
      inEdges: [],
      outEdges: [
        'oa4e0q',
        '1ujhgne',
        '1nenwma',
        '1rs1brd',
        '1ucbd0a',
        '14jmqvq',
      ],
      kind: 'instance',
      title: 'API Gateway Deployment (3-6 pods)',
      description: {
        txt: 'REST, auth, rate limit',
      },
      tags: [],
      color: 'color_container',
      shape: 'rectangle',
      style: {
        opacity: 15,
        size: 'md',
      },
      deploymentRef: 'prod_zone.prod.app.api_deploy',
      modelRef: 'TB.api_gateway',
      x: 2981,
      y: 222,
      width: 365,
      height: 180,
      labelBBox: {
        x: 18,
        y: 63,
        width: 330,
        height: 47,
      },
      navigateTo: null,
      links: null,
    },
    {
      id: 'prod_zone.prod.app.chat_deploy',
      parent: 'prod_zone.prod.app',
      level: 3,
      children: [],
      inEdges: [
        'oa4e0q',
      ],
      outEdges: [
        'ecegr8',
        'lemvqh',
        '13zz1m8',
      ],
      kind: 'instance',
      title: 'Chat Service Deployment (3-6 pods)',
      description: {
        txt: 'Обработка сообщений, чатов, участников, администрирование чатов',
      },
      tags: [],
      color: 'color_container',
      shape: 'rectangle',
      style: {
        opacity: 15,
        size: 'md',
      },
      deploymentRef: 'prod_zone.prod.app.chat_deploy',
      modelRef: 'TB.chat.chat_service',
      x: 3376,
      y: 902,
      width: 363,
      height: 180,
      labelBBox: {
        x: 18,
        y: 54,
        width: 327,
        height: 65,
      },
      navigateTo: null,
      links: null,
    },
    {
      id: 'prod_zone.prod.app.search_deploy',
      parent: 'prod_zone.prod.app',
      level: 3,
      children: [],
      inEdges: [
        '1ujhgne',
      ],
      outEdges: [
        '3ptq04',
        '1bvmcd4',
      ],
      kind: 'instance',
      title: 'Search Service Deployment (2-4 pods)',
      description: {
        txt: 'Индексация и поиск',
      },
      tags: [],
      color: 'color_container',
      shape: 'rectangle',
      style: {
        opacity: 15,
        size: 'md',
      },
      deploymentRef: 'prod_zone.prod.app.search_deploy',
      modelRef: 'TB.search.search_service',
      x: 1978,
      y: 575,
      width: 384,
      height: 180,
      labelBBox: {
        x: 18,
        y: 63,
        width: 349,
        height: 47,
      },
      navigateTo: null,
      links: null,
    },
    {
      id: 'prod_zone.prod.app.file_deploy',
      parent: 'prod_zone.prod.app',
      level: 3,
      children: [],
      inEdges: [
        '1nenwma',
      ],
      outEdges: [
        'm7r5re',
      ],
      kind: 'instance',
      title: 'File Service Deployment (2-4 pods)',
      description: {
        txt: 'Загрузка/чтение файлов',
      },
      tags: [],
      color: 'color_container',
      shape: 'rectangle',
      style: {
        opacity: 15,
        size: 'md',
      },
      deploymentRef: 'prod_zone.prod.app.file_deploy',
      modelRef: 'TB.fs.file_service',
      x: 3409,
      y: 599,
      width: 353,
      height: 180,
      labelBBox: {
        x: 18,
        y: 63,
        width: 317,
        height: 47,
      },
      navigateTo: null,
      links: null,
    },
    {
      id: 'prod_zone.prod.app.notification_deploy',
      parent: 'prod_zone.prod.app',
      level: 3,
      children: [],
      inEdges: [
        '1rs1brd',
      ],
      outEdges: [
        '1qiuhpj',
        'qqyimo',
      ],
      kind: 'instance',
      title: 'Notification Service Deployment (2-4 pods)',
      description: {
        txt: 'Push Policy и доставка уведомлений',
      },
      tags: [],
      color: 'color_container',
      shape: 'rectangle',
      style: {
        opacity: 15,
        size: 'md',
      },
      deploymentRef: 'prod_zone.prod.app.notification_deploy',
      modelRef: 'TB.notification.push_service',
      x: 2982,
      y: 575,
      width: 364,
      height: 180,
      labelBBox: {
        x: 18,
        y: 51,
        width: 329,
        height: 71,
      },
      navigateTo: null,
      links: null,
    },
    {
      id: 'prod_zone.prod.app.integration_deploy',
      parent: 'prod_zone.prod.app',
      level: 3,
      children: [],
      inEdges: [
        '1ucbd0a',
      ],
      outEdges: [
        'prcmwk',
      ],
      kind: 'instance',
      title: 'Integration Service Deployment (2-4 pods)',
      description: {
        txt: 'Внешние коннекторы и webhooks',
      },
      tags: [],
      color: 'color_ext',
      shape: 'rectangle',
      style: {
        opacity: 15,
        size: 'md',
      },
      deploymentRef: 'prod_zone.prod.app.integration_deploy',
      modelRef: 'TB.integration',
      x: 2492,
      y: 575,
      width: 360,
      height: 180,
      labelBBox: {
        x: 18,
        y: 51,
        width: 324,
        height: 71,
      },
      navigateTo: null,
      links: null,
    },
    {
      id: 'prod_zone.prod.data.postgres_cluster',
      parent: 'prod_zone.prod.data',
      level: 3,
      children: [],
      inEdges: [
        'lemvqh',
      ],
      outEdges: [],
      kind: 'instance',
      title: 'PostgreSQL (primary + replica)',
      description: {
        txt: 'Чаты, сообщения, участники',
      },
      technology: '[PostgreSql]',
      tags: [],
      color: 'color_storage',
      shape: 'storage',
      style: {
        opacity: 15,
        size: 'md',
      },
      deploymentRef: 'prod_zone.prod.data.postgres_cluster',
      modelRef: 'TB.chat.postgres',
      x: 1087,
      y: 1408,
      width: 320,
      height: 180,
      labelBBox: {
        x: 20,
        y: 53,
        width: 280,
        height: 68,
      },
      navigateTo: null,
      links: null,
    },
    {
      id: 'prod_zone.keycloak',
      parent: 'prod_zone',
      level: 1,
      children: [
        'prod_zone.keycloak.keycloak',
      ],
      inEdges: [
        '14jmqvq',
        '13zz1m8',
        '1dg28cq',
      ],
      outEdges: [
        '13jaeak',
      ],
      deploymentRef: 'prod_zone.keycloak',
      title: 'VM',
      kind: 'vm',
      notation: 'Виртуальная машина',
      color: 'green',
      shape: 'rectangle',
      modelRef: 'infra.keycloak',
      tags: [],
      style: {
        opacity: 15,
        size: 'md',
      },
      depth: 1,
      x: 3953,
      y: 1364,
      width: 384,
      height: 265,
      labelBBox: {
        x: 6,
        y: 0,
        width: 21,
        height: 15,
      },
      navigateTo: null,
      links: null,
    },
    {
      id: 'prod_zone.prod.data.opensearch_cluster',
      parent: 'prod_zone.prod.data',
      level: 3,
      children: [],
      inEdges: [
        '1bvmcd4',
      ],
      outEdges: [],
      kind: 'instance',
      title: 'OpenSearch Cluster (3 nodes)',
      description: {
        txt: 'Поиск',
      },
      technology: '[OpenSearch]',
      tags: [],
      color: 'color_storage',
      shape: 'storage',
      style: {
        opacity: 15,
        size: 'md',
      },
      deploymentRef: 'prod_zone.prod.data.opensearch_cluster',
      modelRef: 'TB.search.opensearch',
      x: 1496,
      y: 1398,
      width: 320,
      height: 180,
      labelBBox: {
        x: 22,
        y: 53,
        width: 275,
        height: 68,
      },
      navigateTo: null,
      links: null,
    },
    {
      id: 'prod_zone.prod.data.s3_cluster',
      parent: 'prod_zone.prod.data',
      level: 3,
      children: [],
      inEdges: [
        'm7r5re',
      ],
      outEdges: [],
      kind: 'instance',
      title: 'S3/MinIO Cluster',
      description: {
        txt: 'Хранение файлов',
      },
      technology: '[Minio]',
      tags: [],
      color: 'color_storage',
      shape: 'storage',
      style: {
        opacity: 15,
        size: 'md',
      },
      deploymentRef: 'prod_zone.prod.data.s3_cluster',
      modelRef: 'TB.fs.s3',
      x: 1508,
      y: 942,
      width: 320,
      height: 180,
      labelBBox: {
        x: 82,
        y: 53,
        width: 156,
        height: 68,
      },
      navigateTo: null,
      links: null,
    },
    {
      id: 'prod_zone.prod.data.keydb_cluster',
      parent: 'prod_zone.prod.data',
      level: 3,
      children: [],
      inEdges: [
        '8kg76h',
        'qqyimo',
      ],
      outEdges: [],
      kind: 'instance',
      title: 'KeyDB Cluster (3 nodes)',
      description: {
        txt: 'presence/sessions',
      },
      technology: '[KeyDB/Redis]',
      tags: [],
      color: 'color_storage',
      shape: 'storage',
      style: {
        opacity: 15,
        size: 'md',
      },
      deploymentRef: 'prod_zone.prod.data.keydb_cluster',
      modelRef: 'TB.keydb',
      x: 1508,
      y: 1665,
      width: 320,
      height: 180,
      labelBBox: {
        x: 47,
        y: 54,
        width: 225,
        height: 67,
      },
      navigateTo: null,
      links: null,
    },
    {
      id: 'prod_zone.keycloak.keycloak',
      parent: 'prod_zone.keycloak',
      level: 2,
      children: [],
      inEdges: [
        '14jmqvq',
        '13zz1m8',
        '1dg28cq',
      ],
      outEdges: [
        '13jaeak',
      ],
      kind: 'instance',
      title: 'Keycloak (OIDC/SSO)',
      tags: [],
      color: 'color_ext',
      shape: 'rectangle',
      style: {
        opacity: 15,
        size: 'md',
      },
      deploymentRef: 'prod_zone.keycloak.keycloak',
      modelRef: 'infra.keycloak',
      x: 3985,
      y: 1417,
      width: 320,
      height: 180,
      labelBBox: {
        x: 59,
        y: 74,
        width: 202,
        height: 24,
      },
      navigateTo: null,
      links: null,
    },
    {
      id: 'prod_zone.ldap',
      parent: 'prod_zone',
      level: 1,
      children: [
        'prod_zone.ldap.ldap',
      ],
      inEdges: [
        '13jaeak',
      ],
      outEdges: [],
      deploymentRef: 'prod_zone.ldap',
      title: 'LDAP / Active Directory',
      kind: 'vm',
      notation: 'Виртуальная машина',
      color: 'green',
      shape: 'rectangle',
      modelRef: 'infra.ldap',
      tags: [],
      style: {
        opacity: 15,
        size: 'md',
      },
      depth: 1,
      x: 3968,
      y: 1705,
      width: 384,
      height: 265,
      labelBBox: {
        x: 6,
        y: 0,
        width: 151,
        height: 15,
      },
      navigateTo: null,
      links: null,
    },
    {
      id: 'prod_zone.ldap.ldap',
      parent: 'prod_zone.ldap',
      level: 2,
      children: [],
      inEdges: [
        '13jaeak',
      ],
      outEdges: [],
      kind: 'instance',
      title: 'LDAP / Active Directory',
      tags: [],
      color: 'color_ext',
      shape: 'rectangle',
      style: {
        opacity: 15,
        size: 'md',
      },
      deploymentRef: 'prod_zone.ldap.ldap',
      modelRef: 'infra.ldap',
      x: 4000,
      y: 1758,
      width: 320,
      height: 180,
      labelBBox: {
        x: 54,
        y: 74,
        width: 213,
        height: 24,
      },
      navigateTo: null,
      links: null,
    },
    {
      id: 'prod_zone.config_service.config_service',
      parent: 'prod_zone.config_service',
      level: 2,
      children: [],
      inEdges: [],
      outEdges: [],
      kind: 'instance',
      title: 'Configuration Service',
      technology: '[Consul]',
      tags: [],
      color: 'color_ext',
      shape: 'rectangle',
      style: {
        opacity: 15,
        size: 'md',
      },
      deploymentRef: 'prod_zone.config_service.config_service',
      modelRef: 'infra.config_service',
      x: 4437,
      y: 1420,
      width: 320,
      height: 180,
      labelBBox: {
        x: 62,
        y: 64,
        width: 195,
        height: 46,
      },
      navigateTo: null,
      links: null,
    },
    {
      id: 'prod_zone.vault.vault',
      parent: 'prod_zone.vault',
      level: 2,
      children: [],
      inEdges: [],
      outEdges: [],
      kind: 'instance',
      title: 'Vault',
      tags: [],
      color: 'color_ext',
      shape: 'rectangle',
      style: {
        opacity: 15,
        size: 'md',
      },
      deploymentRef: 'prod_zone.vault.vault',
      modelRef: 'infra.vault',
      x: 4455,
      y: 1746,
      width: 320,
      height: 180,
      labelBBox: {
        x: 135,
        y: 74,
        width: 50,
        height: 24,
      },
      navigateTo: null,
      links: null,
    },
  ],
  edges: [
    {
      id: '1lbdyem',
      source: 'prod_zone.prod.data.kafka_cluster',
      target: 'prod_zone.prod.app.ws_deploy',
      label: 'message events',
      points: [
        [
          928,
          1104,
        ],
        [
          950,
          1111,
        ],
        [
          972,
          1117,
        ],
        [
          993,
          1122,
        ],
        [
          1231,
          1175,
        ],
        [
          1871,
          1074,
        ],
        [
          2087,
          1187,
        ],
        [
          2130,
          1209,
        ],
        [
          2164,
          1249,
        ],
        [
          2190,
          1287,
        ],
      ],
      labelBBox: {
        x: 2185,
        y: 1187,
        width: 106,
        height: 39,
      },
      parent: 'prod_zone.prod',
      relations: [
        'n5d5ii',
      ],
      color: 'indigo',
      line: 'dashed',
      head: 'normal',
      technology: 'queue',
      kind: 'kafka',
      controlPoints: [
        {
          x: 1374,
          y: 1116,
        },
        {
          x: 1702,
          y: 1135,
        },
        {
          x: 2184,
          y: 1230,
        },
      ],
      navigateTo: null,
      tags: null,
    },
    {
      id: 'oa4e0q',
      source: 'prod_zone.prod.app.api_deploy',
      target: 'prod_zone.prod.app.chat_deploy',
      label: '[GRPC]',
      points: [
        [
          3301,
          401,
        ],
        [
          3332,
          422,
        ],
        [
          3366,
          445,
        ],
        [
          3396,
          467,
        ],
        [
          3442,
          499,
        ],
        [
          3491,
          536,
        ],
        [
          3535,
          569,
        ],
      ],
      labelBBox: {
        x: 3400,
        y: 655,
        width: 52,
        height: 18,
      },
      parent: 'prod_zone.prod.app',
      relations: [
        '1m57cjk',
      ],
      color: 'indigo',
      line: 'dashed',
      head: 'normal',
      kind: 'grpc',
      tail: 'normal',
      controlPoints: [
        {
          x: 3274,
          y: 490,
        },
        {
          x: 3451,
          y: 795,
        },
      ],
      navigateTo: null,
      tags: null,
    },
    {
      id: '1ujhgne',
      source: 'prod_zone.prod.app.api_deploy',
      target: 'prod_zone.prod.app.search_deploy',
      label: 'Поиск пользователей/сообщений',
      points: [
        [
          2981,
          360,
        ],
        [
          2878,
          388,
        ],
        [
          2747,
          426,
        ],
        [
          2633,
          467,
        ],
        [
          2546,
          498,
        ],
        [
          2452,
          537,
        ],
        [
          2372,
          572,
        ],
      ],
      labelBBox: {
        x: 2634,
        y: 466,
        width: 222,
        height: 39,
      },
      parent: 'prod_zone.prod.app',
      relations: [
        '19lhnr5',
      ],
      color: 'indigo',
      line: 'dashed',
      head: 'normal',
      technology: 'GRPC',
      kind: 'grpc',
      tail: 'normal',
      controlPoints: null,
      navigateTo: null,
      tags: null,
    },
    {
      id: '1nenwma',
      source: 'prod_zone.prod.app.api_deploy',
      target: 'prod_zone.prod.app.file_deploy',
      label: 'Работа с файлами',
      points: [
        [
          3347,
          376,
        ],
        [
          3497,
          429,
        ],
        [
          3715,
          506,
        ],
        [
          3905,
          575,
        ],
        [
          3923,
          581,
        ],
        [
          3942,
          588,
        ],
        [
          3961,
          595,
        ],
      ],
      labelBBox: {
        x: 3412,
        y: 479,
        width: 121,
        height: 39,
      },
      parent: 'prod_zone.prod.app',
      relations: [
        '1sj28wa',
      ],
      color: 'indigo',
      line: 'dashed',
      head: 'normal',
      technology: 'GRPC',
      kind: 'grpc',
      tail: 'normal',
      controlPoints: [
        {
          x: 3245,
          y: 382,
        },
        {
          x: 3505,
          y: 614,
        },
      ],
      navigateTo: null,
      tags: null,
    },
    {
      id: '1rs1brd',
      source: 'prod_zone.prod.app.api_deploy',
      target: 'prod_zone.prod.app.notification_deploy',
      label: 'Настройка push уведомлений',
      points: [
        [
          3164,
          401,
        ],
        [
          3164,
          451,
        ],
        [
          3164,
          513,
        ],
        [
          3164,
          564,
        ],
      ],
      labelBBox: {
        x: 3165,
        y: 466,
        width: 198,
        height: 39,
      },
      parent: 'prod_zone.prod.app',
      relations: [
        'jqi357',
      ],
      color: 'indigo',
      line: 'dashed',
      head: 'normal',
      technology: 'GRPC',
      kind: 'grpc',
      tail: 'normal',
      controlPoints: null,
      navigateTo: null,
      tags: null,
    },
    {
      id: '1ucbd0a',
      source: 'prod_zone.prod.app.api_deploy',
      target: 'prod_zone.prod.app.integration_deploy',
      label: 'REST',
      points: [
        [
          3040,
          401,
        ],
        [
          2968,
          453,
        ],
        [
          2878,
          517,
        ],
        [
          2805,
          569,
        ],
      ],
      labelBBox: {
        x: 2948,
        y: 476,
        width: 41,
        height: 18,
      },
      parent: 'prod_zone.prod.app',
      relations: [
        '1ki74mh',
      ],
      color: 'gray',
      line: 'dashed',
      head: 'normal',
      controlPoints: null,
      navigateTo: null,
      tags: null,
    },
    {
      id: '8kg76h',
      source: 'prod_zone.prod.app.ws_deploy',
      target: 'prod_zone.prod.data.keydb_cluster',
      label: 'Хранение WS сессий и статуса присутствия \nпользователей с TTL',
      points: [
        [
          2155,
          1475,
        ],
        [
          2111,
          1517,
        ],
        [
          2056,
          1564,
        ],
        [
          2001,
          1600,
        ],
        [
          1951,
          1633,
        ],
        [
          1892,
          1663,
        ],
        [
          1838,
          1687,
        ],
      ],
      labelBBox: {
        x: 2080,
        y: 1540,
        width: 303,
        height: 56,
      },
      parent: 'prod_zone.prod',
      relations: [
        '1uzu2zg',
      ],
      color: 'indigo',
      line: 'dashed',
      head: 'normal',
      technology: 'TCP',
      kind: 'tcp',
      tail: 'normal',
      controlPoints: null,
      navigateTo: null,
      tags: null,
    },
    {
      id: 'ecegr8',
      source: 'prod_zone.prod.app.chat_deploy',
      target: 'prod_zone.prod.data.kafka_cluster',
      label: 'Publish/Consume Messages',
      points: [
        [
          3476,
          738,
        ],
        [
          3455,
          745,
        ],
        [
          3432,
          751,
        ],
        [
          3411,
          755,
        ],
        [
          2694,
          895,
        ],
        [
          2487,
          692,
        ],
        [
          1768,
          820,
        ],
        [
          1706,
          831,
        ],
        [
          1696,
          853,
        ],
        [
          1634,
          863,
        ],
        [
          1599,
          869,
        ],
        [
          1027,
          860,
        ],
        [
          993,
          871,
        ],
        [
          948,
          886,
        ],
        [
          905,
          912,
        ],
        [
          868,
          940,
        ],
      ],
      labelBBox: {
        x: 2044,
        y: 935,
        width: 181,
        height: 39,
      },
      parent: 'prod_zone.prod',
      relations: [
        '189h7zu',
      ],
      color: 'indigo',
      line: 'dashed',
      head: 'normal',
      technology: 'queue',
      kind: 'kafka',
      controlPoints: [
        {
          x: 3386,
          y: 1047,
        },
        {
          x: 2694,
          y: 996,
        },
        {
          x: 1990,
          y: 949,
        },
        {
          x: 1733,
          y: 937,
        },
        {
          x: 1370,
          y: 922,
        },
      ],
      navigateTo: null,
      tags: null,
    },
    {
      id: 'lemvqh',
      source: 'prod_zone.prod.app.chat_deploy',
      target: 'prod_zone.prod.data.postgres_cluster',
      label: 'messages/chats/users',
      points: [
        [
          3477,
          737,
        ],
        [
          3455,
          744,
        ],
        [
          3433,
          750,
        ],
        [
          3411,
          755,
        ],
        [
          2789,
          888,
        ],
        [
          2619,
          834,
        ],
        [
          1983,
          863,
        ],
        [
          1953,
          864,
        ],
        [
          1472,
          862,
        ],
        [
          1443,
          871,
        ],
        [
          1401,
          885,
        ],
        [
          1359,
          910,
        ],
        [
          1324,
          936,
        ],
      ],
      labelBBox: {
        x: 2962,
        y: 1180,
        width: 143,
        height: 39,
      },
      parent: 'prod_zone.prod',
      relations: [
        '1fhghcm',
      ],
      color: 'indigo',
      line: 'dashed',
      head: 'normal',
      technology: 'TCP',
      kind: 'tcp',
      tail: 'normal',
      controlPoints: [
        {
          x: 3355,
          y: 1084,
        },
        {
          x: 2419,
          y: 1246,
        },
        {
          x: 1883,
          y: 1291,
        },
        {
          x: 1397,
          y: 1357,
        },
      ],
      navigateTo: null,
      tags: null,
    },
    {
      id: '3ptq04',
      source: 'prod_zone.prod.app.search_deploy',
      target: 'prod_zone.prod.data.kafka_cluster',
      label: 'Consume Message Events',
      points: [
        [
          1978,
          673,
        ],
        [
          1611,
          688,
        ],
        [
          841,
          731,
        ],
        [
          761,
          820,
        ],
        [
          733,
          851,
        ],
        [
          731,
          896,
        ],
        [
          738,
          936,
        ],
      ],
      labelBBox: {
        x: 1221,
        y: 822,
        width: 171,
        height: 39,
      },
      parent: 'prod_zone.prod',
      relations: [
        '2jw9x9',
      ],
      color: 'indigo',
      line: 'dashed',
      head: 'normal',
      technology: 'queue',
      kind: 'kafka',
      controlPoints: [
        {
          x: 1552,
          y: 720,
        },
        {
          x: 1209,
          y: 877,
        },
      ],
      navigateTo: null,
      tags: null,
    },
    {
      id: '1bvmcd4',
      source: 'prod_zone.prod.app.search_deploy',
      target: 'prod_zone.prod.data.opensearch_cluster',
      label: 'indexing/searching',
      points: [
        [
          1978,
          671,
        ],
        [
          1613,
          683,
        ],
        [
          833,
          720,
        ],
        [
          585,
          820,
        ],
        [
          521,
          846,
        ],
        [
          460,
          892,
        ],
        [
          412,
          935,
        ],
      ],
      labelBBox: {
        x: 1708,
        y: 1201,
        width: 121,
        height: 39,
      },
      parent: 'prod_zone.prod',
      relations: [
        'qvyk0w',
      ],
      color: 'indigo',
      line: 'dashed',
      head: 'normal',
      technology: 'HTTP',
      kind: 'http',
      controlPoints: [
        {
          x: 1892,
          y: 935,
        },
        {
          x: 1686,
          y: 1278,
        },
      ],
      navigateTo: null,
      tags: null,
    },
    {
      id: 'm7r5re',
      source: 'prod_zone.prod.app.file_deploy',
      target: 'prod_zone.prod.data.s3_cluster',
      label: 'Store/Read Files',
      points: [
        [
          3971,
          735,
        ],
        [
          3949,
          743,
        ],
        [
          3926,
          749,
        ],
        [
          3905,
          755,
        ],
        [
          3151,
          950,
        ],
        [
          2218,
          1009,
        ],
        [
          1839,
          1025,
        ],
      ],
      labelBBox: {
        x: 3171,
        y: 837,
        width: 108,
        height: 39,
      },
      parent: 'prod_zone.prod',
      relations: [
        'llax9u',
      ],
      color: 'indigo',
      line: 'dashed',
      head: 'normal',
      technology: 'HTTP',
      kind: 'http',
      controlPoints: [
        {
          x: 3409,
          y: 772,
        },
        {
          x: 2493,
          y: 967,
        },
      ],
      navigateTo: null,
      tags: null,
    },
    {
      id: '1qiuhpj',
      source: 'prod_zone.prod.app.notification_deploy',
      target: 'prod_zone.prod.data.kafka_cluster',
      label: 'Consume Message Created Events',
      points: [
        [
          2982,
          738,
        ],
        [
          2960,
          745,
        ],
        [
          2938,
          751,
        ],
        [
          2917,
          755,
        ],
        [
          2246,
          887,
        ],
        [
          2049,
          679,
        ],
        [
          1379,
          820,
        ],
        [
          1327,
          831,
        ],
        [
          1320,
          852,
        ],
        [
          1268,
          863,
        ],
        [
          1238,
          869,
        ],
        [
          1022,
          861,
        ],
        [
          993,
          871,
        ],
        [
          949,
          886,
        ],
        [
          906,
          913,
        ],
        [
          869,
          940,
        ],
      ],
      labelBBox: {
        x: 1732,
        y: 821,
        width: 225,
        height: 39,
      },
      parent: 'prod_zone.prod',
      relations: [
        '6w9q14',
      ],
      color: 'indigo',
      line: 'dashed',
      head: 'normal',
      technology: 'queue',
      kind: 'kafka',
      controlPoints: [
        {
          x: 2993,
          y: 746,
        },
        {
          x: 2355,
          y: 784,
        },
        {
          x: 1687,
          y: 843,
        },
        {
          x: 1551,
          y: 868,
        },
        {
          x: 1372,
          y: 904,
        },
      ],
      navigateTo: null,
      tags: null,
    },
    {
      id: 'qqyimo',
      source: 'prod_zone.prod.app.notification_deploy',
      target: 'prod_zone.prod.data.keydb_cluster',
      label: 'read active sessions',
      points: [
        [
          2982,
          738,
        ],
        [
          2960,
          744,
        ],
        [
          2938,
          750,
        ],
        [
          2917,
          755,
        ],
        [
          2813,
          777,
        ],
        [
          2040,
          746,
        ],
        [
          1964,
          820,
        ],
        [
          1948,
          835,
        ],
        [
          1899,
          1582,
        ],
        [
          1888,
          1600,
        ],
        [
          1874,
          1625,
        ],
        [
          1854,
          1646,
        ],
        [
          1832,
          1665,
        ],
      ],
      labelBBox: {
        x: 1927,
        y: 1187,
        width: 131,
        height: 39,
      },
      parent: 'prod_zone.prod',
      relations: [
        '29rp15',
      ],
      color: 'indigo',
      line: 'dashed',
      head: 'normal',
      technology: 'TCP',
      kind: 'tcp',
      tail: 'normal',
      controlPoints: null,
      navigateTo: null,
      tags: null,
    },
    {
      id: 'prcmwk',
      source: 'prod_zone.prod.app.integration_deploy',
      target: 'prod_zone.prod.data.kafka_cluster',
      label: 'consume/produce events',
      points: [
        [
          2492,
          738,
        ],
        [
          2470,
          745,
        ],
        [
          2448,
          751,
        ],
        [
          2427,
          755,
        ],
        [
          2133,
          814,
        ],
        [
          1365,
          732,
        ],
        [
          1078,
          820,
        ],
        [
          1000,
          843,
        ],
        [
          925,
          894,
        ],
        [
          868,
          940,
        ],
      ],
      labelBBox: {
        x: 1472,
        y: 832,
        width: 160,
        height: 18,
      },
      parent: 'prod_zone.prod',
      relations: [
        '1wnu3p1',
      ],
      color: 'gray',
      line: 'dashed',
      head: 'normal',
      controlPoints: [
        {
          x: 2514,
          y: 746,
        },
        {
          x: 2035,
          y: 778,
        },
        {
          x: 1388,
          y: 874,
        },
      ],
      navigateTo: null,
      tags: null,
    },
    {
      id: '14jmqvq',
      source: 'prod_zone.prod.app.api_deploy',
      target: 'prod_zone.keycloak.keycloak',
      label: 'OIDC / JWT',
      points: [
        [
          3347,
          321,
        ],
        [
          3723,
          343,
        ],
        [
          4548,
          419,
        ],
        [
          4548,
          664,
        ],
        [
          4548,
          664,
        ],
        [
          4548,
          664,
        ],
        [
          4548,
          1386,
        ],
        [
          4548,
          1481,
        ],
        [
          4584,
          1583,
        ],
        [
          4616,
          1656,
        ],
      ],
      labelBBox: {
        x: 4176,
        y: 842,
        width: 79,
        height: 18,
      },
      parent: 'prod_zone',
      relations: [
        '8tl64b',
      ],
      color: 'gray',
      line: 'dashed',
      head: 'normal',
      controlPoints: [
        {
          x: 3904,
          y: 320,
        },
        {
          x: 4221,
          y: 598,
        },
        {
          x: 4105,
          y: 1307,
        },
      ],
      navigateTo: null,
      tags: null,
    },
    {
      id: '13zz1m8',
      source: 'prod_zone.prod.app.chat_deploy',
      target: 'prod_zone.keycloak.keycloak',
      label: 'profile sync',
      points: [
        [
          3840,
          735,
        ],
        [
          3862,
          742,
        ],
        [
          3884,
          749,
        ],
        [
          3905,
          755,
        ],
        [
          4062,
          797,
        ],
        [
          4138,
          719,
        ],
        [
          4265,
          820,
        ],
        [
          4534,
          1034,
        ],
        [
          4626,
          1462,
        ],
        [
          4654,
          1656,
        ],
      ],
      labelBBox: {
        x: 4136,
        y: 1128,
        width: 75,
        height: 18,
      },
      parent: 'prod_zone',
      relations: [
        '1r6z1ky',
      ],
      color: 'gray',
      line: 'dashed',
      head: 'normal',
      controlPoints: [
        {
          x: 3682,
          y: 990,
        },
        {
          x: 3845,
          y: 947,
        },
        {
          x: 4134,
          y: 1161,
        },
      ],
      navigateTo: null,
      tags: null,
    },
    {
      id: '1dg28cq',
      source: 'prod_zone.prod.app.ws_deploy',
      target: 'prod_zone.keycloak.keycloak',
      label: 'JWT verify (JWKS)',
      points: [
        [
          2460,
          1419,
        ],
        [
          2937,
          1492,
        ],
        [
          4066,
          1663,
        ],
        [
          4496,
          1729,
        ],
      ],
      labelBBox: {
        x: 3309,
        y: 1420,
        width: 122,
        height: 18,
      },
      parent: 'prod_zone',
      relations: [
        '1by69bn',
      ],
      color: 'gray',
      line: 'dashed',
      head: 'normal',
      controlPoints: [
        {
          x: 3168,
          y: 1444,
        },
      ],
      navigateTo: null,
      tags: null,
    },
    {
      id: '13jaeak',
      source: 'prod_zone.keycloak.keycloak',
      target: 'prod_zone.ldap.ldap',
      label: 'user federation',
      points: [
        [
          4666,
          1845,
        ],
        [
          4666,
          1901,
        ],
        [
          4666,
          1973,
        ],
        [
          4666,
          2031,
        ],
      ],
      labelBBox: {
        x: 4153,
        y: 1685,
        width: 97,
        height: 18,
      },
      parent: 'prod_zone',
      relations: [
        '1wupqpi',
      ],
      color: 'gray',
      line: 'dashed',
      head: 'normal',
      controlPoints: [
        {
          x: 4152,
          y: 1672,
        },
      ],
      navigateTo: null,
      tags: null,
    },
  ],
  _layout: 'manual',
}
