{
  _type: 'deployment',
  tags: null,
  links: null,
  _stage: 'layouted',
  sourcePath: 'src/views.c4',
  description: null,
  title: 'Stage env deployment',
  id: 'deploymentViewStage',
  autoLayout: {
    direction: 'TB',
  },
  notation: {
    nodes: [
      {
        title: 'Виртуальная машина',
        shape: 'rectangle',
        color: 'green',
        kinds: [
          'vm',
        ],
      },
      {
        title: 'Кластер development, stage, ...',
        shape: 'rectangle',
        color: 'sky',
        kinds: [
          'environment',
        ],
      },
      {
        title: 'Кубернетес',
        shape: 'rectangle',
        color: 'blue',
        kinds: [
          'kubernetes',
        ],
      },
      {
        title: 'Сетевой сегмент',
        shape: 'rectangle',
        color: 'amber',
        kinds: [
          'zone',
        ],
      },
    ],
  },
  hash: 'c9izma0gcpaRDpXachRvwbBF4SYPQp6pB39gciVdaHs',
  bounds: {
    x: 766,
    y: 22,
    width: 4218,
    height: 1980,
  },
  nodes: [
    {
      id: 'stage_zone',
      parent: null,
      level: 0,
      children: [
        'stage_zone.stage',
        'stage_zone.dev1',
        'stage_zone.dev2',
        'stage_zone.observability',
        'stage_zone.config_service',
        'stage_zone.vault',
        'stage_zone.keycloak',
      ],
      inEdges: [],
      outEdges: [],
      deploymentRef: 'stage_zone',
      title: 'Stage Zone',
      kind: 'zone',
      notation: 'Сетевой сегмент',
      color: 'amber',
      shape: 'rectangle',
      tags: [],
      style: {
        opacity: 15,
        size: 'md',
      },
      depth: 3,
      x: 786,
      y: 42,
      width: 4178,
      height: 1940,
      labelBBox: {
        x: 6,
        y: 0,
        width: 76,
        height: 15,
      },
    },
    {
      id: 'stage_zone.stage',
      parent: 'stage_zone',
      level: 1,
      children: [
        'stage_zone.stage.data',
        'stage_zone.stage.app',
      ],
      inEdges: [],
      outEdges: [
        '1wz2mij',
        '1xrv1gd',
        '19ihizr',
      ],
      deploymentRef: 'stage_zone.stage',
      title: 'Stage Environment',
      kind: 'environment',
      notation: 'Кластер development, stage, ...',
      color: 'sky',
      shape: 'rectangle',
      tags: [],
      style: {
        opacity: 15,
        size: 'md',
      },
      depth: 2,
      x: 828,
      y: 102,
      width: 3072,
      height: 1838,
      labelBBox: {
        x: 6,
        y: 0,
        width: 126,
        height: 15,
      },
    },
    {
      id: 'stage_zone.stage.data',
      parent: 'stage_zone.stage',
      level: 2,
      children: [
        'stage_zone.stage.data.kafka_cluster',
        'stage_zone.stage.data.postgres_cluster',
        'stage_zone.stage.data.opensearch_cluster',
        'stage_zone.stage.data.s3_cluster',
        'stage_zone.stage.data.keydb_cluster',
      ],
      inEdges: [
        '1sy37q1',
        'j7bp04',
        '18cphrd',
        '1e9t5yc',
        '1y629aw',
        'l64mwa',
        '1f63yqv',
        'fe7zo0',
        '1yc1510',
      ],
      outEdges: [
        '1jzoey6',
      ],
      deploymentRef: 'stage_zone.stage.data',
      title: 'Data Environment',
      kind: 'environment',
      notation: 'Кластер development, stage, ...',
      color: 'sky',
      shape: 'rectangle',
      tags: [],
      style: {
        opacity: 15,
        size: 'md',
      },
      depth: 1,
      x: 870,
      y: 870,
      width: 948,
      height: 1028,
      labelBBox: {
        x: 6,
        y: 0,
        width: 119,
        height: 15,
      },
    },
    {
      id: 'stage_zone.stage.data.kafka_cluster',
      parent: 'stage_zone.stage.data',
      level: 3,
      children: [],
      inEdges: [
        'j7bp04',
        '1e9t5yc',
        '1f63yqv',
        '1yc1510',
      ],
      outEdges: [
        '1jzoey6',
      ],
      kind: 'instance',
      title: 'Kafka Cluster (3 brokers)',
      technology: '[Kafka]',
      tags: [],
      color: 'color_storage',
      shape: 'queue',
      style: {
        opacity: 20,
        size: 'md',
      },
      deploymentRef: 'stage_zone.stage.data.kafka_cluster',
      modelRef: 'TB.kafka',
      x: 912,
      y: 973,
      width: 320,
      height: 172,
      labelBBox: {
        x: 47,
        y: 60,
        width: 226,
        height: 46,
      },
    },
    {
      id: 'stage_zone.dev1',
      parent: 'stage_zone',
      level: 1,
      children: [],
      inEdges: [],
      outEdges: [
        'e0ucr8',
      ],
      deploymentRef: 'stage_zone.dev1',
      title: 'Dev1 Environment',
      kind: 'environment',
      notation: 'Кластер development, stage, ...',
      color: 'sky',
      shape: 'rectangle',
      tags: [],
      style: {
        opacity: 15,
        size: 'md',
      },
      x: 4047,
      y: 1180,
      width: 320,
      height: 180,
      labelBBox: {
        x: 76,
        y: 74,
        width: 169,
        height: 24,
      },
    },
    {
      id: 'stage_zone.dev2',
      parent: 'stage_zone',
      level: 1,
      children: [],
      inEdges: [],
      outEdges: [
        '1q58drr',
      ],
      deploymentRef: 'stage_zone.dev2',
      title: 'Dev2 Environment',
      kind: 'environment',
      notation: 'Кластер development, stage, ...',
      color: 'sky',
      shape: 'rectangle',
      tags: [],
      style: {
        opacity: 15,
        size: 'md',
      },
      x: 4494,
      y: 1180,
      width: 320,
      height: 180,
      labelBBox: {
        x: 76,
        y: 74,
        width: 169,
        height: 24,
      },
    },
    {
      id: 'stage_zone.observability',
      parent: 'stage_zone',
      level: 1,
      children: [
        'stage_zone.observability.vm',
        'stage_zone.observability.logs',
        'stage_zone.observability.traces',
      ],
      inEdges: [],
      outEdges: [],
      deploymentRef: 'stage_zone.observability',
      title: 'Observability Environment',
      kind: 'environment',
      notation: 'Кластер development, stage, ...',
      color: 'sky',
      shape: 'rectangle',
      tags: [],
      style: {
        opacity: 15,
        size: 'md',
      },
      depth: 1,
      x: 3995,
      y: 118,
      width: 410,
      height: 772,
      labelBBox: {
        x: 6,
        y: 0,
        width: 178,
        height: 15,
      },
    },
    {
      id: 'stage_zone.config_service',
      parent: 'stage_zone',
      level: 1,
      children: [
        'stage_zone.config_service.config_service',
      ],
      inEdges: [],
      outEdges: [],
      deploymentRef: 'stage_zone.config_service',
      title: 'VM',
      kind: 'vm',
      notation: 'Виртуальная машина',
      color: 'green',
      shape: 'rectangle',
      modelRef: 'infra.config_service',
      tags: [],
      style: {
        opacity: 15,
        size: 'md',
      },
      depth: 1,
      x: 4484,
      y: 125,
      width: 404,
      height: 282,
      labelBBox: {
        x: 6,
        y: 0,
        width: 21,
        height: 15,
      },
    },
    {
      id: 'stage_zone.vault',
      parent: 'stage_zone',
      level: 1,
      children: [
        'stage_zone.vault.vault',
      ],
      inEdges: [],
      outEdges: [],
      deploymentRef: 'stage_zone.vault',
      title: 'VM',
      kind: 'vm',
      notation: 'Виртуальная машина',
      color: 'green',
      shape: 'rectangle',
      modelRef: 'infra.vault',
      tags: [],
      style: {
        opacity: 15,
        size: 'md',
      },
      depth: 1,
      x: 4518,
      y: 442,
      width: 404,
      height: 282,
      labelBBox: {
        x: 6,
        y: 0,
        width: 21,
        height: 15,
      },
    },
    {
      id: 'stage_zone.observability.vm',
      parent: 'stage_zone.observability',
      level: 2,
      children: [],
      inEdges: [],
      outEdges: [],
      kind: 'instance',
      title: 'VictoriaMetrics',
      tags: [],
      color: 'color_ext',
      shape: 'rectangle',
      style: {
        opacity: 15,
        size: 'md',
      },
      deploymentRef: 'stage_zone.observability.vm',
      modelRef: 'infra.victoria_metrics',
      x: 4037,
      y: 178,
      width: 320,
      height: 180,
      labelBBox: {
        x: 92,
        y: 74,
        width: 135,
        height: 24,
      },
    },
    {
      id: 'stage_zone.observability.logs',
      parent: 'stage_zone.observability',
      level: 2,
      children: [],
      inEdges: [],
      outEdges: [],
      kind: 'instance',
      title: 'Log Storage',
      tags: [],
      color: 'color_ext',
      shape: 'rectangle',
      style: {
        opacity: 15,
        size: 'md',
      },
      deploymentRef: 'stage_zone.observability.logs',
      modelRef: 'infra.log_storage',
      x: 4043,
      y: 423,
      width: 320,
      height: 180,
      labelBBox: {
        x: 104,
        y: 74,
        width: 113,
        height: 24,
      },
    },
    {
      id: 'stage_zone.observability.traces',
      parent: 'stage_zone.observability',
      level: 2,
      children: [],
      inEdges: [],
      outEdges: [],
      kind: 'instance',
      title: 'Trace Storage',
      tags: [],
      color: 'color_ext',
      shape: 'rectangle',
      style: {
        opacity: 15,
        size: 'md',
      },
      deploymentRef: 'stage_zone.observability.traces',
      modelRef: 'infra.trace_storage',
      x: 4038,
      y: 668,
      width: 320,
      height: 180,
      labelBBox: {
        x: 95,
        y: 74,
        width: 131,
        height: 24,
      },
    },
    {
      id: 'stage_zone.stage.app',
      parent: 'stage_zone.stage',
      level: 2,
      children: [
        'stage_zone.stage.app.ws_deploy',
        'stage_zone.stage.app.api_deploy',
        'stage_zone.stage.app.chat_deploy',
        'stage_zone.stage.app.search_deploy',
        'stage_zone.stage.app.file_deploy',
        'stage_zone.stage.app.notification_deploy',
        'stage_zone.stage.app.integration_deploy',
      ],
      inEdges: [
        '1jzoey6',
      ],
      outEdges: [
        '1sy37q1',
        'j7bp04',
        '18cphrd',
        '1e9t5yc',
        '1y629aw',
        'l64mwa',
        '1f63yqv',
        'fe7zo0',
        '1yc1510',
        '1wz2mij',
        '1xrv1gd',
        '19ihizr',
      ],
      deploymentRef: 'stage_zone.stage.app',
      title: 'K8s Cluster - TeamBridge',
      kind: 'kubernetes',
      notation: 'Кубернетес',
      color: 'blue',
      shape: 'rectangle',
      icon: 'tech:kubernetes',
      tags: [],
      style: {
        opacity: 15,
        size: 'md',
      },
      depth: 1,
      x: 1936,
      y: 162,
      width: 1922,
      height: 1355,
      labelBBox: {
        x: 6,
        y: 0,
        width: 164,
        height: 15,
      },
    },
    {
      id: 'stage_zone.stage.app.ws_deploy',
      parent: 'stage_zone.stage.app',
      level: 3,
      children: [],
      inEdges: [
        '1jzoey6',
      ],
      outEdges: [
        '1sy37q1',
        '19ihizr',
      ],
      kind: 'instance',
      title: 'WebSocket Gateway Deployment (4-8 pods)',
      description: {
        txt: 'WSS соединения, realtime доставка, presence routing',
      },
      tags: [],
      color: 'color_container',
      shape: 'rectangle',
      style: {
        opacity: 15,
        size: 'md',
      },
      deploymentRef: 'stage_zone.stage.app.ws_deploy',
      modelRef: 'TB.ws_gateway',
      x: 2024,
      y: 1295,
      width: 435,
      height: 180,
      labelBBox: {
        x: 18,
        y: 54,
        width: 400,
        height: 66,
      },
    },
    {
      id: 'stage_zone.stage.app.api_deploy',
      parent: 'stage_zone.stage.app',
      level: 3,
      children: [],
      inEdges: [],
      outEdges: [
        '10d7zui',
        '3c0h56',
        '1wk7pr6',
        'b9dtzd',
        '1835zyy',
        '1wz2mij',
      ],
      kind: 'instance',
      title: 'API Gateway Deployment (3-6 pods)',
      description: {
        txt: 'REST, auth, rate limit',
      },
      tags: [],
      color: 'color_container',
      shape: 'rectangle',
      style: {
        opacity: 15,
        size: 'md',
      },
      deploymentRef: 'stage_zone.stage.app.api_deploy',
      modelRef: 'TB.api_gateway',
      x: 2981,
      y: 222,
      width: 365,
      height: 180,
      labelBBox: {
        x: 18,
        y: 63,
        width: 330,
        height: 47,
      },
    },
    {
      id: 'stage_zone.stage.app.chat_deploy',
      parent: 'stage_zone.stage.app',
      level: 3,
      children: [],
      inEdges: [
        '10d7zui',
      ],
      outEdges: [
        'j7bp04',
        '18cphrd',
        '1xrv1gd',
      ],
      kind: 'instance',
      title: 'Chat Service Deployment (3-6 pods)',
      description: {
        txt: 'Обработка сообщений, чатов, участников, администрирование чатов',
      },
      tags: [],
      color: 'color_container',
      shape: 'rectangle',
      style: {
        opacity: 15,
        size: 'md',
      },
      deploymentRef: 'stage_zone.stage.app.chat_deploy',
      modelRef: 'TB.chat.chat_service',
      x: 3238,
      y: 911,
      width: 363,
      height: 180,
      labelBBox: {
        x: 18,
        y: 54,
        width: 327,
        height: 65,
      },
    },
    {
      id: 'stage_zone.stage.app.search_deploy',
      parent: 'stage_zone.stage.app',
      level: 3,
      children: [],
      inEdges: [
        '3c0h56',
      ],
      outEdges: [
        '1e9t5yc',
        '1y629aw',
      ],
      kind: 'instance',
      title: 'Search Service Deployment (2-4 pods)',
      description: {
        txt: 'Индексация и поиск',
      },
      tags: [],
      color: 'color_container',
      shape: 'rectangle',
      style: {
        opacity: 15,
        size: 'md',
      },
      deploymentRef: 'stage_zone.stage.app.search_deploy',
      modelRef: 'TB.search.search_service',
      x: 1978,
      y: 575,
      width: 384,
      height: 180,
      labelBBox: {
        x: 18,
        y: 63,
        width: 349,
        height: 47,
      },
    },
    {
      id: 'stage_zone.stage.app.file_deploy',
      parent: 'stage_zone.stage.app',
      level: 3,
      children: [],
      inEdges: [
        '1wk7pr6',
      ],
      outEdges: [
        'l64mwa',
      ],
      kind: 'instance',
      title: 'File Service Deployment (2-4 pods)',
      description: {
        txt: 'Загрузка/чтение файлов',
      },
      tags: [],
      color: 'color_container',
      shape: 'rectangle',
      style: {
        opacity: 15,
        size: 'md',
      },
      deploymentRef: 'stage_zone.stage.app.file_deploy',
      modelRef: 'TB.fs.file_service',
      x: 3463,
      y: 575,
      width: 353,
      height: 180,
      labelBBox: {
        x: 18,
        y: 63,
        width: 317,
        height: 47,
      },
    },
    {
      id: 'stage_zone.stage.app.notification_deploy',
      parent: 'stage_zone.stage.app',
      level: 3,
      children: [],
      inEdges: [
        'b9dtzd',
      ],
      outEdges: [
        '1f63yqv',
        'fe7zo0',
      ],
      kind: 'instance',
      title: 'Notification Service Deployment (2-4 pods)',
      description: {
        txt: 'Push Policy и доставка уведомлений',
      },
      tags: [],
      color: 'color_container',
      shape: 'rectangle',
      style: {
        opacity: 15,
        size: 'md',
      },
      deploymentRef: 'stage_zone.stage.app.notification_deploy',
      modelRef: 'TB.notification.push_service',
      x: 2982,
      y: 575,
      width: 364,
      height: 180,
      labelBBox: {
        x: 18,
        y: 51,
        width: 329,
        height: 71,
      },
    },
    {
      id: 'stage_zone.stage.app.integration_deploy',
      parent: 'stage_zone.stage.app',
      level: 3,
      children: [],
      inEdges: [
        '1835zyy',
      ],
      outEdges: [
        '1yc1510',
      ],
      kind: 'instance',
      title: 'Integration Service Deployment (2-4 pods)',
      description: {
        txt: 'Внешние коннекторы и webhooks',
      },
      tags: [],
      color: 'color_ext',
      shape: 'rectangle',
      style: {
        opacity: 15,
        size: 'md',
      },
      deploymentRef: 'stage_zone.stage.app.integration_deploy',
      modelRef: 'TB.integration',
      x: 2492,
      y: 575,
      width: 360,
      height: 180,
      labelBBox: {
        x: 18,
        y: 51,
        width: 324,
        height: 71,
      },
    },
    {
      id: 'stage_zone.stage.data.postgres_cluster',
      parent: 'stage_zone.stage.data',
      level: 3,
      children: [],
      inEdges: [
        '18cphrd',
      ],
      outEdges: [],
      kind: 'instance',
      title: 'PostgreSQL (primary + replica)',
      description: {
        txt: 'Чаты, сообщения, участники',
      },
      technology: '[PostgreSql]',
      tags: [],
      color: 'color_storage',
      shape: 'storage',
      style: {
        opacity: 15,
        size: 'md',
      },
      deploymentRef: 'stage_zone.stage.data.postgres_cluster',
      modelRef: 'TB.chat.postgres',
      x: 1397,
      y: 1435,
      width: 320,
      height: 180,
      labelBBox: {
        x: 20,
        y: 53,
        width: 280,
        height: 68,
      },
    },
    {
      id: 'stage_zone.keycloak',
      parent: 'stage_zone',
      level: 1,
      children: [
        'stage_zone.keycloak.keycloak',
      ],
      inEdges: [
        'e0ucr8',
        '1q58drr',
        '1wz2mij',
        '1xrv1gd',
        '19ihizr',
      ],
      outEdges: [],
      deploymentRef: 'stage_zone.keycloak',
      title: 'VM',
      kind: 'vm',
      notation: 'Виртуальная машина',
      color: 'green',
      shape: 'rectangle',
      modelRef: 'infra.keycloak',
      tags: [],
      style: {
        opacity: 15,
        size: 'md',
      },
      depth: 1,
      x: 4015,
      y: 1564,
      width: 384,
      height: 265,
      labelBBox: {
        x: 6,
        y: 0,
        width: 21,
        height: 15,
      },
    },
    {
      id: 'stage_zone.stage.data.opensearch_cluster',
      parent: 'stage_zone.stage.data',
      level: 3,
      children: [],
      inEdges: [
        '1y629aw',
      ],
      outEdges: [],
      kind: 'instance',
      title: 'OpenSearch Cluster (3 nodes)',
      description: {
        txt: 'Поиск',
      },
      technology: '[OpenSearch]',
      tags: [],
      color: 'color_storage',
      shape: 'storage',
      style: {
        opacity: 15,
        size: 'md',
      },
      deploymentRef: 'stage_zone.stage.data.opensearch_cluster',
      modelRef: 'TB.search.opensearch',
      x: 1402,
      y: 1205,
      width: 320,
      height: 180,
      labelBBox: {
        x: 22,
        y: 53,
        width: 275,
        height: 68,
      },
    },
    {
      id: 'stage_zone.stage.data.s3_cluster',
      parent: 'stage_zone.stage.data',
      level: 3,
      children: [],
      inEdges: [
        'l64mwa',
      ],
      outEdges: [],
      kind: 'instance',
      title: 'S3/MinIO Cluster',
      description: {
        txt: 'Хранение файлов',
      },
      technology: '[Minio]',
      tags: [],
      color: 'color_storage',
      shape: 'storage',
      style: {
        opacity: 15,
        size: 'md',
      },
      deploymentRef: 'stage_zone.stage.data.s3_cluster',
      modelRef: 'TB.fs.s3',
      x: 1290,
      y: 930,
      width: 320,
      height: 180,
      labelBBox: {
        x: 82,
        y: 53,
        width: 156,
        height: 68,
      },
    },
    {
      id: 'stage_zone.stage.data.keydb_cluster',
      parent: 'stage_zone.stage.data',
      level: 3,
      children: [],
      inEdges: [
        '1sy37q1',
        'fe7zo0',
      ],
      outEdges: [],
      kind: 'instance',
      title: 'KeyDB Cluster (3 nodes)',
      description: {
        txt: 'presence/sessions',
      },
      technology: '[KeyDB/Redis]',
      tags: [],
      color: 'color_storage',
      shape: 'storage',
      style: {
        opacity: 15,
        size: 'md',
      },
      deploymentRef: 'stage_zone.stage.data.keydb_cluster',
      modelRef: 'TB.keydb',
      x: 1456,
      y: 1676,
      width: 320,
      height: 180,
      labelBBox: {
        x: 47,
        y: 54,
        width: 225,
        height: 67,
      },
    },
    {
      id: 'stage_zone.keycloak.keycloak',
      parent: 'stage_zone.keycloak',
      level: 2,
      children: [],
      inEdges: [
        'e0ucr8',
        '1q58drr',
        '1wz2mij',
        '1xrv1gd',
        '19ihizr',
      ],
      outEdges: [],
      kind: 'instance',
      title: 'Keycloak (OIDC/SSO)',
      tags: [],
      color: 'color_ext',
      shape: 'rectangle',
      style: {
        opacity: 15,
        size: 'md',
      },
      deploymentRef: 'stage_zone.keycloak.keycloak',
      modelRef: 'infra.keycloak',
      x: 4047,
      y: 1617,
      width: 320,
      height: 180,
      labelBBox: {
        x: 59,
        y: 74,
        width: 202,
        height: 24,
      },
    },
    {
      id: 'stage_zone.config_service.config_service',
      parent: 'stage_zone.config_service',
      level: 2,
      children: [],
      inEdges: [],
      outEdges: [],
      kind: 'instance',
      title: 'Configuration Service',
      technology: '[Consul]',
      tags: [],
      color: 'color_ext',
      shape: 'rectangle',
      style: {
        opacity: 15,
        size: 'md',
      },
      deploymentRef: 'stage_zone.config_service.config_service',
      modelRef: 'infra.config_service',
      x: 4526,
      y: 185,
      width: 320,
      height: 180,
      labelBBox: {
        x: 62,
        y: 64,
        width: 195,
        height: 46,
      },
    },
    {
      id: 'stage_zone.vault.vault',
      parent: 'stage_zone.vault',
      level: 2,
      children: [],
      inEdges: [],
      outEdges: [],
      kind: 'instance',
      title: 'Vault',
      tags: [],
      color: 'color_ext',
      shape: 'rectangle',
      style: {
        opacity: 15,
        size: 'md',
      },
      deploymentRef: 'stage_zone.vault.vault',
      modelRef: 'infra.vault',
      x: 4560,
      y: 502,
      width: 320,
      height: 180,
      labelBBox: {
        x: 135,
        y: 74,
        width: 50,
        height: 24,
      },
    },
  ],
  edges: [
    {
      id: '1jzoey6',
      source: 'stage_zone.stage.data.kafka_cluster',
      target: 'stage_zone.stage.app.ws_deploy',
      label: 'message events',
      points: [
        [
          928,
          1104,
        ],
        [
          950,
          1111,
        ],
        [
          972,
          1117,
        ],
        [
          993,
          1122,
        ],
        [
          1231,
          1175,
        ],
        [
          1871,
          1074,
        ],
        [
          2087,
          1187,
        ],
        [
          2130,
          1209,
        ],
        [
          2164,
          1249,
        ],
        [
          2190,
          1287,
        ],
      ],
      labelBBox: {
        x: 2170,
        y: 1189,
        width: 106,
        height: 39,
      },
      parent: 'stage_zone.stage',
      relations: [
        'n5d5ii',
      ],
      color: 'indigo',
      line: 'dashed',
      head: 'normal',
      technology: 'queue',
      kind: 'kafka',
      controlPoints: [
        {
          x: 1222,
          y: 1136,
        },
        {
          x: 1604,
          y: 1149,
        },
        {
          x: 2170,
          y: 1233,
        },
      ],
    },
    {
      id: '10d7zui',
      source: 'stage_zone.stage.app.api_deploy',
      target: 'stage_zone.stage.app.chat_deploy',
      label: '[GRPC]',
      points: [
        [
          3301,
          401,
        ],
        [
          3332,
          422,
        ],
        [
          3366,
          445,
        ],
        [
          3396,
          467,
        ],
        [
          3442,
          499,
        ],
        [
          3491,
          536,
        ],
        [
          3535,
          569,
        ],
      ],
      labelBBox: {
        x: 3324,
        y: 660,
        width: 52,
        height: 18,
      },
      parent: 'stage_zone.stage.app',
      relations: [
        '1m57cjk',
      ],
      color: 'indigo',
      line: 'dashed',
      head: 'normal',
      kind: 'grpc',
      tail: 'normal',
      controlPoints: [
        {
          x: 3237,
          y: 493,
        },
        {
          x: 3351,
          y: 801,
        },
      ],
    },
    {
      id: '3c0h56',
      source: 'stage_zone.stage.app.api_deploy',
      target: 'stage_zone.stage.app.search_deploy',
      label: 'Поиск пользователей/сообщений',
      points: [
        [
          2981,
          360,
        ],
        [
          2878,
          388,
        ],
        [
          2747,
          426,
        ],
        [
          2633,
          467,
        ],
        [
          2546,
          498,
        ],
        [
          2452,
          537,
        ],
        [
          2372,
          572,
        ],
      ],
      labelBBox: {
        x: 2634,
        y: 466,
        width: 222,
        height: 39,
      },
      parent: 'stage_zone.stage.app',
      relations: [
        '19lhnr5',
      ],
      color: 'indigo',
      line: 'dashed',
      head: 'normal',
      technology: 'GRPC',
      kind: 'grpc',
      tail: 'normal',
      controlPoints: null,
    },
    {
      id: '1wk7pr6',
      source: 'stage_zone.stage.app.api_deploy',
      target: 'stage_zone.stage.app.file_deploy',
      label: 'Работа с файлами',
      points: [
        [
          3347,
          376,
        ],
        [
          3497,
          429,
        ],
        [
          3715,
          506,
        ],
        [
          3905,
          575,
        ],
        [
          3923,
          581,
        ],
        [
          3942,
          588,
        ],
        [
          3961,
          595,
        ],
      ],
      labelBBox: {
        x: 3442,
        y: 466,
        width: 121,
        height: 39,
      },
      parent: 'stage_zone.stage.app',
      relations: [
        '1sj28wa',
      ],
      color: 'indigo',
      line: 'dashed',
      head: 'normal',
      technology: 'GRPC',
      kind: 'grpc',
      tail: 'normal',
      controlPoints: [
        {
          x: 3255,
          y: 378,
        },
        {
          x: 3549,
          y: 595,
        },
      ],
    },
    {
      id: 'b9dtzd',
      source: 'stage_zone.stage.app.api_deploy',
      target: 'stage_zone.stage.app.notification_deploy',
      label: 'Настройка push уведомлений',
      points: [
        [
          3164,
          401,
        ],
        [
          3164,
          451,
        ],
        [
          3164,
          513,
        ],
        [
          3164,
          564,
        ],
      ],
      labelBBox: {
        x: 3165,
        y: 466,
        width: 198,
        height: 39,
      },
      parent: 'stage_zone.stage.app',
      relations: [
        'jqi357',
      ],
      color: 'indigo',
      line: 'dashed',
      head: 'normal',
      technology: 'GRPC',
      kind: 'grpc',
      tail: 'normal',
      controlPoints: null,
    },
    {
      id: '1835zyy',
      source: 'stage_zone.stage.app.api_deploy',
      target: 'stage_zone.stage.app.integration_deploy',
      label: 'REST',
      points: [
        [
          3040,
          401,
        ],
        [
          2968,
          453,
        ],
        [
          2878,
          517,
        ],
        [
          2805,
          569,
        ],
      ],
      labelBBox: {
        x: 2948,
        y: 476,
        width: 41,
        height: 18,
      },
      parent: 'stage_zone.stage.app',
      relations: [
        '1ki74mh',
      ],
      color: 'gray',
      line: 'dashed',
      head: 'normal',
      controlPoints: null,
    },
    {
      id: '1sy37q1',
      source: 'stage_zone.stage.app.ws_deploy',
      target: 'stage_zone.stage.data.keydb_cluster',
      label: 'Хранение WS сессий и статуса присутствия \nпользователей с TTL',
      points: [
        [
          2155,
          1475,
        ],
        [
          2111,
          1517,
        ],
        [
          2056,
          1564,
        ],
        [
          2001,
          1600,
        ],
        [
          1951,
          1633,
        ],
        [
          1892,
          1663,
        ],
        [
          1838,
          1687,
        ],
      ],
      labelBBox: {
        x: 2063,
        y: 1543,
        width: 303,
        height: 56,
      },
      parent: 'stage_zone.stage',
      relations: [
        '1uzu2zg',
      ],
      color: 'indigo',
      line: 'dashed',
      head: 'normal',
      technology: 'TCP',
      kind: 'tcp',
      tail: 'normal',
      controlPoints: [
        {
          x: 2065,
          y: 1542,
        },
        {
          x: 1889,
          y: 1652,
        },
      ],
    },
    {
      id: 'j7bp04',
      source: 'stage_zone.stage.app.chat_deploy',
      target: 'stage_zone.stage.data.kafka_cluster',
      label: 'Publish/Consume Messages',
      points: [
        [
          3476,
          738,
        ],
        [
          3455,
          745,
        ],
        [
          3432,
          751,
        ],
        [
          3411,
          755,
        ],
        [
          2694,
          895,
        ],
        [
          2487,
          692,
        ],
        [
          1768,
          820,
        ],
        [
          1706,
          831,
        ],
        [
          1696,
          853,
        ],
        [
          1634,
          863,
        ],
        [
          1599,
          869,
        ],
        [
          1027,
          860,
        ],
        [
          993,
          871,
        ],
        [
          948,
          886,
        ],
        [
          905,
          912,
        ],
        [
          868,
          940,
        ],
      ],
      labelBBox: {
        x: 1882,
        y: 953,
        width: 181,
        height: 39,
      },
      parent: 'stage_zone.stage',
      relations: [
        '189h7zu',
      ],
      color: 'indigo',
      line: 'dashed',
      head: 'normal',
      technology: 'queue',
      kind: 'kafka',
      controlPoints: [
        {
          x: 3246,
          y: 1059,
        },
        {
          x: 2542,
          y: 1011,
        },
        {
          x: 1827,
          y: 968,
        },
        {
          x: 1566,
          y: 958,
        },
        {
          x: 1197,
          y: 945,
        },
      ],
    },
    {
      id: '18cphrd',
      source: 'stage_zone.stage.app.chat_deploy',
      target: 'stage_zone.stage.data.postgres_cluster',
      label: 'messages/chats/users',
      points: [
        [
          3477,
          737,
        ],
        [
          3455,
          744,
        ],
        [
          3433,
          750,
        ],
        [
          3411,
          755,
        ],
        [
          2789,
          888,
        ],
        [
          2619,
          834,
        ],
        [
          1983,
          863,
        ],
        [
          1953,
          864,
        ],
        [
          1472,
          862,
        ],
        [
          1443,
          871,
        ],
        [
          1401,
          885,
        ],
        [
          1359,
          910,
        ],
        [
          1324,
          936,
        ],
      ],
      labelBBox: {
        x: 2941,
        y: 1192,
        width: 143,
        height: 39,
      },
      parent: 'stage_zone.stage',
      relations: [
        '1fhghcm',
      ],
      color: 'indigo',
      line: 'dashed',
      head: 'normal',
      technology: 'TCP',
      kind: 'tcp',
      tail: 'normal',
      controlPoints: [
        {
          x: 3258,
          y: 1092,
        },
        {
          x: 2501,
          y: 1264,
        },
        {
          x: 2066,
          y: 1313,
        },
        {
          x: 1674,
          y: 1383,
        },
      ],
    },
    {
      id: '1e9t5yc',
      source: 'stage_zone.stage.app.search_deploy',
      target: 'stage_zone.stage.data.kafka_cluster',
      label: 'Consume Message Events',
      points: [
        [
          1978,
          673,
        ],
        [
          1611,
          688,
        ],
        [
          841,
          731,
        ],
        [
          761,
          820,
        ],
        [
          733,
          851,
        ],
        [
          731,
          896,
        ],
        [
          738,
          936,
        ],
      ],
      labelBBox: {
        x: 1055,
        y: 845,
        width: 171,
        height: 39,
      },
      parent: 'stage_zone.stage',
      relations: [
        '2jw9x9',
      ],
      color: 'indigo',
      line: 'dashed',
      head: 'normal',
      technology: 'queue',
      kind: 'kafka',
      controlPoints: [
        {
          x: 1448,
          y: 734,
        },
        {
          x: 1038,
          y: 900,
        },
      ],
    },
    {
      id: '1y629aw',
      source: 'stage_zone.stage.app.search_deploy',
      target: 'stage_zone.stage.data.opensearch_cluster',
      label: 'indexing/searching',
      points: [
        [
          1978,
          671,
        ],
        [
          1613,
          683,
        ],
        [
          833,
          720,
        ],
        [
          585,
          820,
        ],
        [
          521,
          846,
        ],
        [
          460,
          892,
        ],
        [
          412,
          935,
        ],
      ],
      labelBBox: {
        x: 1632,
        y: 1037,
        width: 121,
        height: 39,
      },
      parent: 'stage_zone.stage',
      relations: [
        'qvyk0w',
      ],
      color: 'indigo',
      line: 'dashed',
      head: 'normal',
      technology: 'HTTP',
      kind: 'http',
      controlPoints: [
        {
          x: 1848,
          y: 837,
        },
        {
          x: 1605,
          y: 1102,
        },
      ],
    },
    {
      id: 'l64mwa',
      source: 'stage_zone.stage.app.file_deploy',
      target: 'stage_zone.stage.data.s3_cluster',
      label: 'Store/Read Files',
      points: [
        [
          3971,
          735,
        ],
        [
          3949,
          743,
        ],
        [
          3926,
          749,
        ],
        [
          3905,
          755,
        ],
        [
          3151,
          950,
        ],
        [
          2218,
          1009,
        ],
        [
          1839,
          1025,
        ],
      ],
      labelBBox: {
        x: 3164,
        y: 816,
        width: 108,
        height: 39,
      },
      parent: 'stage_zone.stage',
      relations: [
        'llax9u',
      ],
      color: 'indigo',
      line: 'dashed',
      head: 'normal',
      technology: 'HTTP',
      kind: 'http',
      controlPoints: [
        {
          x: 3437,
          y: 749,
        },
        {
          x: 2389,
          y: 950,
        },
      ],
    },
    {
      id: '1f63yqv',
      source: 'stage_zone.stage.app.notification_deploy',
      target: 'stage_zone.stage.data.kafka_cluster',
      label: 'Consume Message Created Events',
      points: [
        [
          2982,
          738,
        ],
        [
          2960,
          745,
        ],
        [
          2938,
          751,
        ],
        [
          2917,
          755,
        ],
        [
          2246,
          887,
        ],
        [
          2049,
          679,
        ],
        [
          1379,
          820,
        ],
        [
          1327,
          831,
        ],
        [
          1320,
          852,
        ],
        [
          1268,
          863,
        ],
        [
          1238,
          869,
        ],
        [
          1022,
          861,
        ],
        [
          993,
          871,
        ],
        [
          949,
          886,
        ],
        [
          906,
          913,
        ],
        [
          869,
          940,
        ],
      ],
      labelBBox: {
        x: 1604,
        y: 838,
        width: 225,
        height: 39,
      },
      parent: 'stage_zone.stage',
      relations: [
        '6w9q14',
      ],
      color: 'indigo',
      line: 'dashed',
      head: 'normal',
      technology: 'queue',
      kind: 'kafka',
      controlPoints: [
        {
          x: 2977,
          y: 749,
        },
        {
          x: 2282,
          y: 795,
        },
        {
          x: 1554,
          y: 861,
        },
        {
          x: 1406,
          y: 887,
        },
        {
          x: 1209,
          y: 926,
        },
      ],
    },
    {
      id: 'fe7zo0',
      source: 'stage_zone.stage.app.notification_deploy',
      target: 'stage_zone.stage.data.keydb_cluster',
      label: 'read active sessions',
      points: [
        [
          2982,
          738,
        ],
        [
          2960,
          744,
        ],
        [
          2938,
          750,
        ],
        [
          2917,
          755,
        ],
        [
          2813,
          777,
        ],
        [
          2040,
          746,
        ],
        [
          1964,
          820,
        ],
        [
          1948,
          835,
        ],
        [
          1899,
          1582,
        ],
        [
          1888,
          1600,
        ],
        [
          1874,
          1625,
        ],
        [
          1854,
          1646,
        ],
        [
          1832,
          1665,
        ],
      ],
      labelBBox: {
        x: 1890,
        y: 1194,
        width: 131,
        height: 39,
      },
      parent: 'stage_zone.stage',
      relations: [
        '29rp15',
      ],
      color: 'indigo',
      line: 'dashed',
      head: 'normal',
      technology: 'TCP',
      kind: 'tcp',
      tail: 'normal',
      controlPoints: [
        {
          x: 2976,
          y: 739,
        },
        {
          x: 2608,
          y: 767,
        },
        {
          x: 1880,
          y: 1279,
        },
        {
          x: 1817,
          y: 1643,
        },
      ],
    },
    {
      id: '1yc1510',
      source: 'stage_zone.stage.app.integration_deploy',
      target: 'stage_zone.stage.data.kafka_cluster',
      label: 'consume/produce events',
      points: [
        [
          2492,
          738,
        ],
        [
          2470,
          745,
        ],
        [
          2448,
          751,
        ],
        [
          2427,
          755,
        ],
        [
          2133,
          814,
        ],
        [
          1365,
          732,
        ],
        [
          1078,
          820,
        ],
        [
          1000,
          843,
        ],
        [
          925,
          894,
        ],
        [
          868,
          940,
        ],
      ],
      labelBBox: {
        x: 1329,
        y: 852,
        width: 160,
        height: 18,
      },
      parent: 'stage_zone.stage',
      relations: [
        '1wnu3p1',
      ],
      color: 'gray',
      line: 'dashed',
      head: 'normal',
      controlPoints: [
        {
          x: 2494,
          y: 750,
        },
        {
          x: 1958,
          y: 788,
        },
        {
          x: 1233,
          y: 894,
        },
      ],
    },
    {
      id: 'e0ucr8',
      source: 'stage_zone.dev1',
      target: 'stage_zone.keycloak.keycloak',
      label: '[...]',
      points: [
        [
          4746,
          1475,
        ],
        [
          4746,
          1529,
        ],
        [
          4746,
          1599,
        ],
        [
          4746,
          1655,
        ],
      ],
      labelBBox: {
        x: 4207,
        y: 1473,
        width: 25,
        height: 18,
      },
      parent: 'stage_zone',
      relations: [
        '8tl64b',
        '1by69bn',
        '1r6z1ky',
      ],
      color: 'gray',
      line: 'dashed',
      head: 'normal',
      controlPoints: [
        {
          x: 4206,
          y: 1480,
        },
      ],
    },
    {
      id: '1q58drr',
      source: 'stage_zone.dev2',
      target: 'stage_zone.keycloak.keycloak',
      label: '[...]',
      points: [
        [
          5092,
          1475,
        ],
        [
          5072,
          1492,
        ],
        [
          5052,
          1509,
        ],
        [
          5032,
          1525,
        ],
        [
          4978,
          1570,
        ],
        [
          4918,
          1618,
        ],
        [
          4866,
          1659,
        ],
      ],
      labelBBox: {
        x: 4466,
        y: 1471,
        width: 25,
        height: 18,
      },
      parent: 'stage_zone',
      relations: [
        '8tl64b',
        '1by69bn',
        '1r6z1ky',
      ],
      color: 'gray',
      line: 'dashed',
      head: 'normal',
      controlPoints: [
        {
          x: 4549,
          y: 1375,
        },
        {
          x: 4406,
          y: 1514,
        },
      ],
    },
    {
      id: '1wz2mij',
      source: 'stage_zone.stage.app.api_deploy',
      target: 'stage_zone.keycloak.keycloak',
      label: 'OIDC / JWT',
      points: [
        [
          3347,
          324,
        ],
        [
          3703,
          352,
        ],
        [
          4455,
          437,
        ],
        [
          4455,
          664,
        ],
        [
          4455,
          664,
        ],
        [
          4455,
          664,
        ],
        [
          4455,
          1386,
        ],
        [
          4455,
          1410,
        ],
        [
          4448,
          1580,
        ],
        [
          4460,
          1600,
        ],
        [
          4487,
          1644,
        ],
        [
          4531,
          1677,
        ],
        [
          4577,
          1700,
        ],
      ],
      labelBBox: {
        x: 4095,
        y: 987,
        width: 79,
        height: 18,
      },
      parent: 'stage_zone',
      relations: [
        '8tl64b',
      ],
      color: 'gray',
      line: 'dashed',
      head: 'normal',
      controlPoints: [
        {
          x: 3853,
          y: 402,
        },
        {
          x: 4139,
          y: 725,
        },
        {
          x: 4027,
          y: 1373,
        },
        {
          x: 4032,
          y: 1614,
        },
      ],
    },
    {
      id: '1xrv1gd',
      source: 'stage_zone.stage.app.chat_deploy',
      target: 'stage_zone.keycloak.keycloak',
      label: 'profile sync',
      points: [
        [
          3840,
          734,
        ],
        [
          3862,
          741,
        ],
        [
          3884,
          748,
        ],
        [
          3905,
          755,
        ],
        [
          4022,
          790,
        ],
        [
          4096,
          724,
        ],
        [
          4172,
          820,
        ],
        [
          4199,
          854,
        ],
        [
          4155,
          1566,
        ],
        [
          4182,
          1600,
        ],
        [
          4230,
          1663,
        ],
        [
          4428,
          1706,
        ],
        [
          4576,
          1731,
        ],
      ],
      labelBBox: {
        x: 3796,
        y: 1346,
        width: 75,
        height: 18,
      },
      parent: 'stage_zone',
      relations: [
        '1r6z1ky',
      ],
      color: 'gray',
      line: 'dashed',
      head: 'normal',
      controlPoints: [
        {
          x: 3559,
          y: 1024,
        },
        {
          x: 3703,
          y: 1017,
        },
        {
          x: 3793,
          y: 1357,
        },
        {
          x: 3890,
          y: 1717,
        },
      ],
    },
    {
      id: '19ihizr',
      source: 'stage_zone.stage.app.ws_deploy',
      target: 'stage_zone.keycloak.keycloak',
      label: 'JWT verify (JWKS)',
      points: [
        [
          2460,
          1418,
        ],
        [
          2951,
          1491,
        ],
        [
          4134,
          1664,
        ],
        [
          4576,
          1729,
        ],
      ],
      labelBBox: {
        x: 3343,
        y: 1532,
        width: 122,
        height: 18,
      },
      parent: 'stage_zone',
      relations: [
        '1by69bn',
      ],
      color: 'gray',
      line: 'dashed',
      head: 'normal',
      controlPoints: [
        {
          x: 3623,
          y: 1611,
        },
      ],
    },
  ],
  _layout: 'manual',
}
